Id,Collection Date,Plot,Species,Tag,Growth Stage,DBH,Lower Canopy Height,Upper Canopy Height,Latitude,Longitude
1,2000-01-01,Plot #1,Plant Example (Scientific Example),1,Seedling,1.5,1.5,1.5,1.5,1.5
2,2000-01-01,Plot #1,Plant Example (Scientific Example),1,Seedling,1.5,1.5,1.5,1.5,1.5
